[2026-05-22T19:29:44] context_main start project_dir=/Users/dmeck/project/ink-and-memory stdin_bytes=402
[2026-05-22T19:29:44] context_main parsed hook_input_keys=['conversation_id', 'generation_id', 'model', 'is_background_agent', 'composer_mode', 'session_id', 'hook_event_name', 'cursor_version', 'workspace_roots', 'user_email', 'transcript_path']
[2026-05-22T19:29:44] _context_async mem0_user_id_set=False query_len=0 api_key_set=False host_set=False top_k=5
[2026-05-22T19:29:44] _context_async query=''
[2026-05-22T19:29:44] _context_async skip: missing mem0_user_id or empty query
[2026-05-22T19:47:33] stop_main start project_dir=/Users/dmeck/project/ink-and-memory stdin_bytes=675
[2026-05-22T19:47:33] stop_main parsed hook_input_keys=['conversation_id', 'generation_id', 'model', 'status', 'loop_count', 'input_tokens', 'output_tokens', 'cache_read_tokens', 'cache_write_tokens', 'session_id', 'hook_event_name', 'cursor_version', 'workspace_roots', 'user_email', 'transcript_path']
[2026-05-22T19:47:33] _stop_async skip: missing mem0_user_id
[2026-05-22T21:04:59] stop_main start project_dir=/Users/dmeck/project/ink-and-memory stdin_bytes=572
[2026-05-22T21:04:59] stop_main parsed hook_input_keys=['conversation_id', 'generation_id', 'model', 'status', 'loop_count', 'session_id', 'hook_event_name', 'cursor_version', 'workspace_roots', 'user_email', 'transcript_path']
[2026-05-22T21:04:59] _stop_async skip: missing mem0_user_id
[2026-05-22T21:06:33] stop_main start project_dir=/Users/dmeck/project/ink-and-memory stdin_bytes=673
[2026-05-22T21:06:33] stop_main parsed hook_input_keys=['conversation_id', 'generation_id', 'model', 'status', 'loop_count', 'input_tokens', 'output_tokens', 'cache_read_tokens', 'cache_write_tokens', 'session_id', 'hook_event_name', 'cursor_version', 'workspace_roots', 'user_email', 'transcript_path']
[2026-05-22T21:06:33] _stop_async skip: missing mem0_user_id
[2026-05-22T22:31:42] stop_main start project_dir=/Users/dmeck/project/ink-and-memory stdin_bytes=675
[2026-05-22T22:31:42] stop_main parsed hook_input_keys=['conversation_id', 'generation_id', 'model', 'status', 'loop_count', 'input_tokens', 'output_tokens', 'cache_read_tokens', 'cache_write_tokens', 'session_id', 'hook_event_name', 'cursor_version', 'workspace_roots', 'user_email', 'transcript_path']
[2026-05-22T22:31:42] _stop_async skip: missing mem0_user_id
[2026-05-22T23:42:30] stop_main start project_dir=/Users/dmeck/project/ink-and-memory stdin_bytes=677
[2026-05-22T23:42:30] stop_main parsed hook_input_keys=['conversation_id', 'generation_id', 'model', 'status', 'loop_count', 'input_tokens', 'output_tokens', 'cache_read_tokens', 'cache_write_tokens', 'session_id', 'hook_event_name', 'cursor_version', 'workspace_roots', 'user_email', 'transcript_path']
[2026-05-22T23:42:30] _stop_async skip: missing mem0_user_id
[2026-05-22T23:57:38] stop_main start project_dir=/Users/dmeck/project/ink-and-memory stdin_bytes=675
[2026-05-22T23:57:38] stop_main parsed hook_input_keys=['conversation_id', 'generation_id', 'model', 'status', 'loop_count', 'input_tokens', 'output_tokens', 'cache_read_tokens', 'cache_write_tokens', 'session_id', 'hook_event_name', 'cursor_version', 'workspace_roots', 'user_email', 'transcript_path']
[2026-05-22T23:57:38] _stop_async skip: missing mem0_user_id
[2026-05-23T00:09:23] stop_main start project_dir=/Users/dmeck/project/ink-and-memory stdin_bytes=668
[2026-05-23T00:09:23] stop_main parsed hook_input_keys=['conversation_id', 'generation_id', 'model', 'status', 'loop_count', 'input_tokens', 'output_tokens', 'cache_read_tokens', 'cache_write_tokens', 'session_id', 'hook_event_name', 'cursor_version', 'workspace_roots', 'user_email', 'transcript_path']
[2026-05-23T00:09:23] _stop_async skip: missing mem0_user_id
[2026-05-23T00:10:03] stop_main start project_dir=/Users/dmeck/project/ink-and-memory stdin_bytes=671
[2026-05-23T00:10:03] stop_main parsed hook_input_keys=['conversation_id', 'generation_id', 'model', 'status', 'loop_count', 'input_tokens', 'output_tokens', 'cache_read_tokens', 'cache_write_tokens', 'session_id', 'hook_event_name', 'cursor_version', 'workspace_roots', 'user_email', 'transcript_path']
[2026-05-23T00:10:03] _stop_async skip: missing mem0_user_id
[2026-05-23T00:40:48] stop_main start project_dir=/Users/dmeck/project/ink-and-memory stdin_bytes=674
[2026-05-23T00:40:48] stop_main parsed hook_input_keys=['conversation_id', 'generation_id', 'model', 'status', 'loop_count', 'input_tokens', 'output_tokens', 'cache_read_tokens', 'cache_write_tokens', 'session_id', 'hook_event_name', 'cursor_version', 'workspace_roots', 'user_email', 'transcript_path']
[2026-05-23T00:40:48] _stop_async skip: missing mem0_user_id
